// Jest Snapshot v1, https://goo.gl/fbAQLP

exports[`EventsLog component should match snapshot 1`] = `
<div
  className="MuiPaper-root MuiCard-root MuiPaper-elevation1 MuiPaper-rounded"
>
  <h2
    className="MuiTypography-root logTitle MuiTypography-body1"
  >
    Log
  </h2>
  <ul
    className="MuiList-root logList MuiList-dense MuiList-padding"
  >
    <li
      className="MuiListItem-root MuiListItem-dense MuiListItem-gutters"
      disabled={false}
    >
      <div
        className="MuiListItemIcon-root"
      >
        <svg
          aria-hidden={true}
          className="MuiSvgIcon-root"
          focusable="false"
          viewBox="0 0 24 24"
        >
          <path
            d="M12.5 8c-2.65 0-5.05.99-6.9 2.6L2 7v9h9l-3.62-3.62c1.39-1.16 3.16-1.88 5.12-1.88 3.54 0 6.55 2.31 7.6 5.5l2.37-.78C21.08 11.03 17.15 8 12.5 8z"
          />
        </svg>
      </div>
      <div
        className="MuiListItemText-root MuiListItemText-dense"
      >
        <span
          className="MuiTypography-root MuiListItemText-primary MuiTypography-body2 MuiTypography-displayBlock"
        >
          Rotate left
        </span>
      </div>
    </li>
    <li
      className="MuiListItem-root MuiListItem-dense MuiListItem-gutters"
      disabled={false}
    >
      <div
        className="MuiListItemIcon-root"
      >
        <svg
          aria-hidden={true}
          className="MuiSvgIcon-root"
          focusable="false"
          viewBox="0 0 24 24"
        >
          <path
            d="M18.4 10.6C16.55 8.99 14.15 8 11.5 8c-4.65 0-8.58 3.03-9.96 7.22L3.9 16c1.05-3.19 4.05-5.5 7.6-5.5 1.95 0 3.73.72 5.12 1.88L13 16h9V7l-3.6 3.6z"
          />
        </svg>
      </div>
      <div
        className="MuiListItemText-root MuiListItemText-dense"
      >
        <span
          className="MuiTypography-root MuiListItemText-primary MuiTypography-body2 MuiTypography-displayBlock"
        >
          Rotate left
        </span>
      </div>
    </li>
    <li
      className="MuiListItem-root MuiListItem-dense MuiListItem-gutters"
      disabled={false}
    >
      <div
        className="MuiListItemIcon-root"
      >
        <svg
          aria-hidden={true}
          className="MuiSvgIcon-root"
          focusable="false"
          viewBox="0 0 24 24"
        >
          <path
            d="M12 7.27l4.28 10.43-3.47-1.53-.81-.36-.81.36-3.47 1.53L12 7.27M12 2L4.5 20.29l.71.71L12 18l6.79 3 .71-.71L12 2z"
          />
        </svg>
      </div>
      <div
        className="MuiListItemText-root MuiListItemText-dense"
      >
        <span
          className="MuiTypography-root MuiListItemText-primary MuiTypography-body2 MuiTypography-displayBlock"
        >
          Move to 1-1
        </span>
      </div>
    </li>
    <li
      className="MuiListItem-root MuiListItem-dense MuiListItem-gutters"
      disabled={false}
    >
      <div
        className="MuiListItemIcon-root"
      >
        <svg
          aria-hidden={true}
          className="MuiSvgIcon-root"
          focusable="false"
          viewBox="0 0 24 24"
        >
          <path
            d="M6 6h12v12H6z"
          />
        </svg>
      </div>
      <div
        className="MuiListItemText-root MuiListItemText-dense"
      >
        <span
          className="MuiTypography-root MuiListItemText-primary MuiTypography-body2 MuiTypography-displayBlock"
        >
          Simulation was stopped
        </span>
      </div>
    </li>
  </ul>
</div>
`;
