// Jest Snapshot v1, https://goo.gl/fbAQLP

exports[`SimulationFileInput component should match snapshot 1`] = `
<div
  className="MuiPaper-root MuiCard-root MuiPaper-elevation1 MuiPaper-rounded"
>
  <div
    className="MuiCardContent-root"
  >
    <form>
      <label
        className="MuiTypography-root fileFieldLabel MuiTypography-body1 MuiTypography-gutterBottom"
        htmlFor="simulationFile"
      >
        Please, provide a file to start simulation:
      </label>
      <input
        accept="text/plain"
        id="simulationFile"
        onChange={[Function]}
        type="file"
      />
    </form>
  </div>
</div>
`;
